// Jest Snapshot v1, https://goo.gl/fbAQLP

exports[`ConfirmationModal ConfirmationModal renders correctly 1`] = `
<div
  class="Modal__BaseModal-sc-1081dim-0 Modal__SmallModal-sc-1081dim-2 cyuJJj bOgRmL"
  data-testid="confirmation-modal"
>
  <h3
    class="Modal__ModalTitle-sc-1081dim-13 iVwSGl"
  >
    <i
      class="Modal__RedIcon-sc-1081dim-14 bVReHm material-icons"
    >
      warning
    </i>
    
  </h3>
  <h4
    class="Modal__ModalText-sc-1081dim-12 gZfcPy"
  />
  <section
    class="Modal__ModalButtons-sc-1081dim-6 fAOmbq"
  >
    <button
      class="Modal__ModalConfirmationButton-sc-1081dim-8 jJDWcp"
    />
    <button
      class="Modal__ModalCancellationButton-sc-1081dim-7 gufRcH"
    />
  </section>
</div>
`;

exports[`ConfirmationModal ConfirmationModal should return empty div 1`] = `<div />`;
